[journal] {"ts":"2026-10-07T16:49:24.640Z","event":"provider_resolved","model":"z-ai/glm-5.3-flash","maxTokens":16384}
[journal] {"ts":"2026-10-07T16:49:24.649Z","event":"decision_resolving","decisionId":"9dd0fb13-36c4-4413-a738-0ee1cd1cd5a2","optionId":"approve","rationale":"Charter accepted; proceed under the frozen P1-R contract"}
[journal] {"ts":"2026-10-07T17:06:28.826Z","event":"decision_resumed","decisionId":"9dd0fb13-36c4-4413-a738-0ee1cd1cd5a2"}
[journal] {"ts":"2026-10-07T17:06:28.834Z","event":"tick","round":0,"dispatches":[]}
[journal] {"ts":"2026-10-07T17:06:28.835Z","event":"decision_pending","decisionId":"8f5c5824-0cc8-42d3-9cb2-bda928f4a2a2","type":"checkpoint","title":"Workflow reached another checkpoint","summary":"Workflow 'full-build' paused at step 'confirm'.","options":[{"id":"approve","label":"Approve","description":"Continue to the build phase"},{"id":"revise","label":"Revise","description":"Send back for revision (increments revision counter)"}]}
{
  "decisionId": "8f5c5824-0cc8-42d3-9cb2-bda928f4a2a2",
  "type": "checkpoint",
  "title": "Workflow reached another checkpoint",
  "summary": "Workflow 'full-build' paused at step 'confirm'.",
  "options": [
    {
      "id": "approve",
      "label": "Approve",
      "description": "Continue to the build phase"
    },
    {
      "id": "revise",
      "label": "Revise",
      "description": "Send back for revision (increments revision counter)"
    }
  ]
}
