[journal] {"ts":"2026-10-04T18:42:17.581Z","event":"provider_resolved","model":"z-ai/glm-5.3-flash","maxTokens":16384}
[journal] {"ts":"2026-10-04T18:42:17.587Z","event":"decision_resolving","decisionId":"3f34d05b-0991-4142-a45f-564a464967fb","optionId":"approve","rationale":"V10-3 preregistered operator checkpoint: charter accepted under frozen preregistration e997a4ee (BUILD effort=medium)"}
[journal] {"ts":"2026-10-04T19:09:52.816Z","event":"decision_resumed","decisionId":"3f34d05b-0991-4142-a45f-564a464967fb"}
[journal] {"ts":"2026-10-04T19:09:52.818Z","event":"tick","round":0,"dispatches":[]}
[journal] {"ts":"2026-10-04T19:09:52.818Z","event":"decision_pending","decisionId":"b4a045d6-d5dc-44c4-9966-ef04587c01e1","type":"checkpoint","title":"Workflow reached another checkpoint","summary":"Workflow 'full-build' paused at step 'confirm'.","options":[{"id":"approve","label":"Approve","description":"Continue to the build phase"},{"id":"revise","label":"Revise","description":"Send back for revision (increments revision counter)"}]}
{
  "decisionId": "b4a045d6-d5dc-44c4-9966-ef04587c01e1",
  "type": "checkpoint",
  "title": "Workflow reached another checkpoint",
  "summary": "Workflow 'full-build' paused at step 'confirm'.",
  "options": [
    {
      "id": "approve",
      "label": "Approve",
      "description": "Continue to the build phase"
    },
    {
      "id": "revise",
      "label": "Revise",
      "description": "Send back for revision (increments revision counter)"
    }
  ]
}
