[journal] {"ts":"2026-09-26T10:41:00.877Z","event":"provider_resolved","model":"z-ai/glm-5.3-flash","maxTokens":16384}
[journal] {"ts":"2026-09-26T10:41:00.887Z","event":"decision_resolving","decisionId":"303c021b-8c39-4293-ae5a-51eb14aaf8a0","optionId":"approve","rationale":"Operator approves cycle charter at scoping.checkpoint (frozen V3 procedure)"}
[journal] {"ts":"2026-09-26T11:06:34.908Z","event":"decision_resumed","decisionId":"303c021b-8c39-4293-ae5a-51eb14aaf8a0"}
[journal] {"ts":"2026-09-26T11:06:34.915Z","event":"tick","round":0,"dispatches":[]}
[journal] {"ts":"2026-09-26T11:06:34.915Z","event":"decision_pending","decisionId":"a59e912b-0deb-4559-bd2a-128cb9edc726","type":"checkpoint","title":"Workflow reached another checkpoint","summary":"Workflow 'full-build' paused at step 'confirm'.","options":[{"id":"approve","label":"Approve","description":"Continue to the build phase"},{"id":"revise","label":"Revise","description":"Send back for revision (increments revision counter)"}]}
{
  "decisionId": "a59e912b-0deb-4559-bd2a-128cb9edc726",
  "type": "checkpoint",
  "title": "Workflow reached another checkpoint",
  "summary": "Workflow 'full-build' paused at step 'confirm'.",
  "options": [
    {
      "id": "approve",
      "label": "Approve",
      "description": "Continue to the build phase"
    },
    {
      "id": "revise",
      "label": "Revise",
      "description": "Send back for revision (increments revision counter)"
    }
  ]
}
