[journal] {"ts":"2026-09-24T05:43:54.871Z","event":"provider_resolved","model":"z-ai/glm-5.3-flash","maxTokens":16384}
[journal] {"ts":"2026-09-24T05:48:11.528Z","event":"tick","round":0,"dispatches":[{"workItemId":"wi-exec-108","outcome":"dispatched","stepExecutionId":"7f75c094-2f47-4182-83d1-53456aa4201d","workflowRunId":"2ec825a7-a170-4a51-93a3-f1c7e08d0c71"}]}
[journal] {"ts":"2026-09-24T05:48:11.529Z","event":"run_status","runId":"2ec825a7-a170-4a51-93a3-f1c7e08d0c71","status":"halted","step":"scoping.checkpoint","iteration":1}
[journal] {"ts":"2026-09-24T05:48:11.529Z","event":"decision_pending","decisionId":"2a863322-3d72-43b1-9e35-efa8afb219b8","type":"checkpoint","title":"Workflow reached a checkpoint","summary":"Workflow 'full-build' paused at step 'scoping.checkpoint' and requires operator approval to continue.","options":[{"id":"approve","label":"Approve","description":"Accept the cycle charter and begin the cycle"}]}
{
  "decisionId": "2a863322-3d72-43b1-9e35-efa8afb219b8",
  "type": "checkpoint",
  "title": "Workflow reached a checkpoint",
  "summary": "Workflow 'full-build' paused at step 'scoping.checkpoint' and requires operator approval to continue.",
  "options": [
    {
      "id": "approve",
      "label": "Approve",
      "description": "Accept the cycle charter and begin the cycle"
    }
  ]
}
[journal] {"ts":"2026-09-24T05:48:38.750Z","event":"provider_resolved","model":"z-ai/glm-5.3-flash","maxTokens":16384}
[journal] {"ts":"2026-09-24T05:48:38.759Z","event":"decision_resolving","decisionId":"2a863322-3d72-43b1-9e35-efa8afb219b8","optionId":"approve","rationale":"operator: charter accepted, proceed to implementation planning"}
[journal] {"ts":"2026-09-24T06:28:41.086Z","event":"decision_resumed","decisionId":"2a863322-3d72-43b1-9e35-efa8afb219b8"}
[journal] {"ts":"2026-09-24T06:28:41.095Z","event":"tick","round":0,"dispatches":[]}
[journal] {"ts":"2026-09-24T06:28:41.095Z","event":"decision_pending","decisionId":"0d0f5779-7a0c-4138-be10-d7e6918e45b0","type":"checkpoint","title":"Workflow reached another checkpoint","summary":"Workflow 'full-build' paused at step 'confirm'.","options":[{"id":"approve","label":"Approve","description":"Continue to the build phase"},{"id":"revise","label":"Revise","description":"Send back for revision (increments revision counter)"}]}
{
  "decisionId": "0d0f5779-7a0c-4138-be10-d7e6918e45b0",
  "type": "checkpoint",
  "title": "Workflow reached another checkpoint",
  "summary": "Workflow 'full-build' paused at step 'confirm'.",
  "options": [
    {
      "id": "approve",
      "label": "Approve",
      "description": "Continue to the build phase"
    },
    {
      "id": "revise",
      "label": "Revise",
      "description": "Send back for revision (increments revision counter)"
    }
  ]
}
[journal] {"ts":"2026-09-24T06:32:37.475Z","event":"provider_resolved","model":"z-ai/glm-5.3-flash","maxTokens":16384}
[journal] {"ts":"2026-09-24T06:32:37.482Z","event":"decision_resolving","decisionId":"0d0f5779-7a0c-4138-be10-d7e6918e45b0","optionId":"approve","rationale":"operator: plan confirmed; TEST original restored and owned; proceed to BUILD"}
[journal] {"ts":"2026-09-24T06:57:29.252Z","event":"decision_resumed","decisionId":"0d0f5779-7a0c-4138-be10-d7e6918e45b0"}
[journal] {"ts":"2026-09-24T06:57:29.254Z","event":"drive_terminal","wiId":"wi-exec-108","wiState":"failed","runs":[{"status":"halted","step":"build","iteration":1}]}
