[journal] {"ts":"2026-10-06T10:56:22.789Z","event":"provider_resolved","model":"z-ai/glm-5.3-flash","maxTokens":16384}
[journal] {"ts":"2026-10-06T10:56:22.799Z","event":"decision_resolving","decisionId":"6d3fb043-90e3-463d-86f9-a33b7c7259a2","optionId":"approve","rationale":"P1-2: accept the cycle charter (preregistration e42a8b46)"}
[journal] {"ts":"2026-10-06T11:21:49.646Z","event":"decision_resumed","decisionId":"6d3fb043-90e3-463d-86f9-a33b7c7259a2"}
[journal] {"ts":"2026-10-06T11:21:49.653Z","event":"tick","round":0,"dispatches":[]}
[journal] {"ts":"2026-10-06T11:21:49.653Z","event":"decision_pending","decisionId":"dd5cdde6-9778-428b-8287-269faaaf3108","type":"checkpoint","title":"Workflow reached another checkpoint","summary":"Workflow 'full-build' paused at step 'confirm'.","options":[{"id":"approve","label":"Approve","description":"Continue to the build phase"},{"id":"revise","label":"Revise","description":"Send back for revision (increments revision counter)"}]}
{
  "decisionId": "dd5cdde6-9778-428b-8287-269faaaf3108",
  "type": "checkpoint",
  "title": "Workflow reached another checkpoint",
  "summary": "Workflow 'full-build' paused at step 'confirm'.",
  "options": [
    {
      "id": "approve",
      "label": "Approve",
      "description": "Continue to the build phase"
    },
    {
      "id": "revise",
      "label": "Revise",
      "description": "Send back for revision (increments revision counter)"
    }
  ]
}
[journal] {"ts":"2026-10-06T11:22:01.582Z","event":"provider_resolved","model":"z-ai/glm-5.3-flash","maxTokens":16384}
[journal] {"ts":"2026-10-06T11:22:01.597Z","event":"decision_resolving","decisionId":"dd5cdde6-9778-428b-8287-269faaaf3108","optionId":"approve","rationale":"P1-2: proceed"}
[journal] {"ts":"2026-10-06T11:38:05.584Z","event":"decision_resumed","decisionId":"dd5cdde6-9778-428b-8287-269faaaf3108"}
[journal] {"ts":"2026-10-06T11:38:05.585Z","event":"drive_terminal","wiId":"wi-exec-108","wiState":"failed","runs":[{"status":"halted","step":"debug","iteration":1}]}
